> Task :app:preBuild UP-TO-DATE
> Task :app:preReleaseBuild UP-TO-DATE
> Task :app:extractReleaseVersionControlInfo
> Task :app:mergeReleaseShaders
> Task :app:compileReleaseShaders NO-SOURCE
> Task :app:generateReleaseAssets UP-TO-DATE
> Task :app:mergeReleaseAssets
> Task :app:buildKotlinToolingMetadata
> Task :app:checkKotlinGradlePluginConfigurationErrors SKIPPED
> Task :app:processReleaseNavigationResources
> Task :app:checkReleaseAarMetadata
> Task :app:checkReleaseDuplicateClasses
> Task :app:compileReleaseNavigationResources
> Task :app:generateReleaseResValues
> Task :app:mapReleaseSourceSetPaths
> Task :app:generateReleaseResources
> Task :app:packageReleaseResources
> Task :app:createReleaseCompatibleScreenManifests
> Task :app:extractDeepLinksRelease
> Task :app:parseReleaseLocalResources
> Task :app:processReleaseMainManifest
> Task :app:processReleaseManifest
> Task :app:javaPreCompileRelease
> Task :app:mergeReleaseResources
> Task :app:extractProguardFiles UP-TO-DATE
> Task :app:mergeReleaseStartupProfile
> Task :app:mergeReleaseJniLibFolders
> Task :app:mergeReleaseArtProfile
> Task :app:writeReleaseAppMetadata
> Task :app:mergeReleaseNativeLibs
> Task :app:collectReleaseDependencies

> Task :app:stripReleaseDebugSymbols
Unable to strip the following libraries, packaging them as they are: libandroidx.graphics.path.so. Run with --info option to learn more.

> Task :app:configureReleaseDependencies
> Task :app:processReleaseManifestForPackage
> Task :app:extractReleaseNativeSymbolTables
> Task :app:parseReleaseIntegrityConfig
> Task :app:processReleaseResources

> Task :app:compileReleaseKotlin
w: file:///D:/My%20Apps/Voice%20assist%20app/outputs/saygo/app/src/main/java/dev/saygo/app/control/PhoneControlService.kt:185:36 Condition is always 'true'.
w: file:///D:/My%20Apps/Voice%20assist%20app/outputs/saygo/app/src/main/java/dev/saygo/app/control/PhoneControlService.kt:190:29 Unnecessary safe call on a non-null receiver of type 'AccessibilityNodeInfo'.

> Task :app:compileReleaseJavaWithJavac NO-SOURCE
> Task :app:mergeReleaseGeneratedProguardFiles
> Task :app:processReleaseJavaRes
> Task :app:generateReleaseLintVitalReportModel
> Task :app:expandReleaseArtProfileWildcards
> Task :app:mergeReleaseJavaResource
> Task :app:produceReleaseComposeMapping
> Task :app:reportReleaseComposeMappingErrors
> Task :app:lintVitalAnalyzeRelease
> Task :app:lintVitalReportRelease
> Task :app:lintVitalRelease
> Task :app:minifyReleaseWithR8
> Task :app:buildReleasePreBundle
> Task :app:mergeReleaseComposeMapping
> Task :app:compileReleaseArtProfile
> Task :app:packageReleaseBundle
> Task :app:signReleaseBundle
> Task :app:produceReleaseBundleIdeListingFile
> Task :app:createReleaseBundleListingFileRedirect
> Task :app:bundleRelease

BUILD SUCCESSFUL in 1m 12s
51 actionable tasks: 50 executed, 1 up-to-date
